# Indented Markers Test

Content here.

  <!-- KUGIRI-BEGIN: indented-section -->
  This content is indented
  with two spaces
  <!-- KUGIRI-END: indented-section -->

More content.

    <!-- KUGIRI-BEGIN: four-space-section -->
    Updated indented content
    <!-- KUGIRI-END: four-space-section -->

End.